06-01 15:38:26.907 24760 29060 I adb     : udp_socket.cpp:402 SendMessage ip=224.0.0.251:5353
06-01 15:38:26.937 24760 29060 I adb     : udp_socket.cpp:402 SendMessage ip=224.0.0.251:5353
06-01 15:38:26.953 24760 29060 I adb     : udp_socket.cpp:402 SendMessage ip=224.0.0.251:5353
06-01 15:38:26.969 24760 29060 I adb     : udp_socket.cpp:402 SendMessage ip=224.0.0.251:5353
06-01 15:38:26.985 24760 29060 I adb     : udp_socket.cpp:402 SendMessage ip=224.0.0.251:5353
06-01 15:38:27.915 24760 29060 I adb     : udp_socket.cpp:402 SendMessage ip=224.0.0.251:5353
06-01 15:38:27.915 24760 29060 I adb     : udp_socket.cpp:402 SendMessage ip=224.0.0.251:5353
06-01 15:38:27.978 24760 29060 I adb     : udp_socket.cpp:402 SendMessage ip=224.0.0.251:5353
06-01 15:38:28.476 24760 29060 I adb     : transport_mdns.cpp:98 Endpoint state=1 instance_name=adb-EMULATOR34X1X20X0 service_name=_adb._tcp addr=10.0.2.15 addrv6=fec0:0000:0000:0000:5054:00ff:fe12:3456 total_serv=3
06-01 15:38:28.476 24760 29060 I adb     : transport_mdns.cpp:98 Endpoint state=1 instance_name=adb-EMULATOR34X1X20X0 service_name=_adb._tcp addr=10.0.2.16 addrv6=fec0:0000:0000:0000:5054:00ff:fe12:3456 total_serv=3
06-01 15:38:28.477 24760 29060 I adb     : transport_mdns.cpp:98 Endpoint state=1 instance_name=adb-EMULATOR34X1X20X0 service_name=_adb._tcp addr=10.0.2.16 addrv6=fe80:0000:0000:0000:b8f9:6f91:c47c:a0ca total_serv=3
06-01 15:38:28.477 24760 29060 I adb     : transport_mdns.cpp:98 Endpoint state=1 instance_name=adb-EMULATOR34X1X20X0 service_name=_adb._tcp addr=10.0.2.15 addrv6=fec0:0000:0000:0000:5054:00ff:fe12:3456 total_serv=3
06-01 15:38:28.478 24760 29060 I adb     : transport_mdns.cpp:98 Endpoint state=1 instance_name=adb-EMULATOR34X1X20X0 service_name=_adb._tcp addr=10.0.2.15 addrv6=fec0:0000:0000:0000:5054:00ff:fe12:3456 total_serv=3
06-01 15:38:28.940 24760 29060 I adb     : udp_socket.cpp:402 SendMessage ip=224.0.0.251:5353
06-01 15:38:28.955 24760 29060 I adb     : udp_socket.cpp:402 SendMessage ip=224.0.0.251:5353
06-01 15:38:29.001 24760 29060 I adb     : udp_socket.cpp:402 SendMessage ip=224.0.0.251:5353
06-01 15:38:29.478 24760 29060 I adb     : transport_mdns.cpp:98 Endpoint state=1 instance_name=adb-EMULATOR34X1X20X0 service_name=_adb._tcp addr=10.0.2.15 addrv6=fe80:0000:0000:0000:b8f9:6f91:c47c:a0ca total_serv=3
06-01 15:38:29.478 24760 29060 I adb     : transport_mdns.cpp:98 Endpoint state=1 instance_name=adb-EMULATOR34X1X20X0 service_name=_adb._tcp addr=10.0.2.15 addrv6=fe80:0000:0000:0000:5054:00ff:fe12:3456 total_serv=3
06-01 15:38:29.478 24760 29060 I adb     : transport_mdns.cpp:98 Endpoint state=1 instance_name=adb-EMULATOR34X1X20X0 service_name=_adb._tcp addr=10.0.2.15 addrv6=fec0:0000:0000:0000:5054:00ff:fe12:3456 total_serv=3
06-01 15:38:29.479 24760 29060 I adb     : transport_mdns.cpp:98 Endpoint state=1 instance_name=adb-EMULATOR34X1X20X0 service_name=_adb._tcp addr=10.0.2.15 addrv6=fe80:0000:0000:0000:5054:00ff:fe12:3456 total_serv=3
06-01 15:38:29.479 24760 29060 I adb     : transport_mdns.cpp:98 Endpoint state=1 instance_name=adb-EMULATOR34X1X20X0 service_name=_adb._tcp addr=10.0.2.15 addrv6=fec0:0000:0000:0000:5054:00ff:fe12:3456 total_serv=3
06-01 15:38:29.480 24760 29060 I adb     : transport_mdns.cpp:98 Endpoint state=1 instance_name=adb-EMULATOR34X1X20X0 service_name=_adb._tcp addr=10.0.2.16 addrv6=fec0:0000:0000:0000:5054:00ff:fe12:3456 total_serv=3
06-01 15:38:29.480 24760 29060 I adb     : transport_mdns.cpp:98 Endpoint state=1 instance_name=adb-EMULATOR34X1X20X0 service_name=_adb._tcp addr=10.0.2.16 addrv6=fe80:0000:0000:0000:b8f9:6f91:c47c:a0ca total_serv=3
06-01 15:38:29.480 24760 29060 I adb     : transport_mdns.cpp:98 Endpoint state=1 instance_name=adb-EMULATOR34X1X20X0 service_name=_adb._tcp addr=10.0.2.16 addrv6=fec0:0000:0000:0000:5054:00ff:fe12:3456 total_serv=3
06-01 15:38:29.480 24760 29060 I adb     : transport_mdns.cpp:98 Endpoint state=1 instance_name=adb-EMULATOR34X1X20X0 service_name=_adb._tcp addr=10.0.2.16 addrv6=fe80:0000:0000:0000:b8f9:6f91:c47c:a0ca total_serv=3
06-01 15:38:29.481 24760 29060 I adb     : transport_mdns.cpp:98 Endpoint state=1 instance_name=adb-EMULATOR34X1X20X0 service_name=_adb._tcp addr=10.0.2.15 addrv6=fe80:0000:0000:0000:5054:00ff:fe12:3456 total_serv=3
06-01 15:38:29.481 24760 29060 I adb     : transport_mdns.cpp:98 Endpoint state=1 instance_name=adb-EMULATOR34X1X20X0 service_name=_adb._tcp addr=10.0.2.15 addrv6=fec0:0000:0000:0000:5054:00ff:fe12:3456 total_serv=3
06-01 15:38:29.917 24760 29060 I adb     : udp_socket.cpp:402 SendMessage ip=224.0.0.251:5353
06-01 15:38:29.917 24760 29060 I adb     : udp_socket.cpp:402 SendMessage ip=224.0.0.251:5353
06-01 15:38:29.993 24760 29060 I adb     : udp_socket.cpp:402 SendMessage ip=224.0.0.251:5353
06-01 15:38:31.268 24760 29060 I adb     : transport_mdns.cpp:98 Endpoint state=1 instance_name=adb-EMULATOR34X1X20X0 service_name=_adb._tcp addr=10.0.2.15 addrv6=fe80:0000:0000:0000:b8f9:6f91:c47c:a0ca total_serv=3
06-01 15:38:31.268 24760 29060 I adb     : transport_mdns.cpp:98 Endpoint state=1 instance_name=adb-EMULATOR34X1X20X0 service_name=_adb._tcp addr=10.0.2.15 addrv6=fe80:0000:0000:0000:5054:00ff:fe12:3456 total_serv=3
06-01 15:38:31.268 24760 29060 I adb     : transport_mdns.cpp:98 Endpoint state=1 instance_name=adb-EMULATOR34X1X20X0 service_name=_adb._tcp addr=10.0.2.15 addrv6=fec0:0000:0000:0000:5054:00ff:fe12:3456 total_serv=3
06-01 15:38:31.269 24760 29060 I adb     : transport_mdns.cpp:98 Endpoint state=1 instance_name=adb-EMULATOR34X1X20X0 service_name=_adb._tcp addr=10.0.2.15 addrv6=fe80:0000:0000:0000:b8f9:6f91:c47c:a0ca total_serv=3
06-01 15:38:31.269 24760 29060 I adb     : transport_mdns.cpp:98 Endpoint state=1 instance_name=adb-EMULATOR34X1X20X0 service_name=_adb._tcp addr=10.0.2.15 addrv6=fe80:0000:0000:0000:5054:00ff:fe12:3456 total_serv=3
06-01 15:38:31.269 24760 29060 I adb     : transport_mdns.cpp:98 Endpoint state=1 instance_name=adb-EMULATOR34X1X20X0 service_name=_adb._tcp addr=10.0.2.15 addrv6=fec0:0000:0000:0000:5054:00ff:fe12:3456 total_serv=3
06-01 15:38:31.270 24760 29060 I adb     : transport_mdns.cpp:98 Endpoint state=1 instance_name=adb-EMULATOR34X1X20X0 service_name=_adb._tcp addr=10.0.2.16 addrv6=fec0:0000:0000:0000:5054:00ff:fe12:3456 total_serv=3
06-01 15:38:31.270 24760 29060 I adb     : transport_mdns.cpp:98 Endpoint state=1 instance_name=adb-EMULATOR34X1X20X0 service_name=_adb._tcp addr=10.0.2.16 addrv6=fe80:0000:0000:0000:b8f9:6f91:c47c:a0ca total_serv=3
06-01 15:38:31.270 24760 29060 I adb     : transport_mdns.cpp:98 Endpoint state=1 instance_name=adb-EMULATOR34X1X20X0 service_name=_adb._tcp addr=10.0.2.16 addrv6=fec0:0000:0000:0000:411c:b6b2:4094:96b9 total_serv=3
06-01 15:38:31.271 24760 29060 I adb     : transport_mdns.cpp:98 Endpoint state=1 instance_name=adb-EMULATOR34X1X20X0 service_name=_adb._tcp addr=10.0.2.16 addrv6=fec0:0000:0000:0000:fedd:e30b:4963:b334 total_serv=3
06-01 15:38:31.271 24760 29060 I adb     : transport_mdns.cpp:98 Endpoint state=1 instance_name=adb-EMULATOR34X1X20X0 service_name=_adb._tcp addr=10.0.2.16 addrv6=fec0:0000:0000:0000:5054:00ff:fe12:3456 total_serv=3
06-01 15:38:31.271 24760 29060 I adb     : transport_mdns.cpp:98 Endpoint state=1 instance_name=adb-EMULATOR34X1X20X0 service_name=_adb._tcp addr=10.0.2.16 addrv6=fe80:0000:0000:0000:b8f9:6f91:c47c:a0ca total_serv=3
06-01 15:38:31.271 24760 29060 I adb     : transport_mdns.cpp:98 Endpoint state=1 instance_name=adb-EMULATOR34X1X20X0 service_name=_adb._tcp addr=10.0.2.16 addrv6=fec0:0000:0000:0000:411c:b6b2:4094:96b9 total_serv=3
06-01 15:38:31.272 24760 29060 I adb     : transport_mdns.cpp:98 Endpoint state=1 instance_name=adb-EMULATOR34X1X20X0 service_name=_adb._tcp addr=10.0.2.16 addrv6=fec0:0000:0000:0000:fedd:e30b:4963:b334 total_serv=3
06-01 15:38:31.273 24760 29060 I adb     : transport_mdns.cpp:98 Endpoint state=1 instance_name=adb-EMULATOR34X1X20X0 service_name=_adb._tcp addr=10.0.2.15 addrv6=fe80:0000:0000:0000:5054:00ff:fe12:3456 total_serv=3
06-01 15:38:31.274 24760 29060 I adb     : transport_mdns.cpp:98 Endpoint state=1 instance_name=adb-EMULATOR34X1X20X0 service_name=_adb._tcp addr=10.0.2.15 addrv6=fec0:0000:0000:0000:5054:00ff:fe12:3456 total_serv=3
06-01 15:38:32.270 24760 29060 I adb     : transport_mdns.cpp:98 Endpoint state=1 instance_name=adb-EMULATOR34X1X20X0 service_name=_adb._tcp addr=10.0.2.15 addrv6=fec0:0000:0000:0000:fedd:e30b:4963:b334 total_serv=3
06-01 15:38:32.270 24760 29060 I adb     : transport_mdns.cpp:98 Endpoint state=1 instance_name=adb-EMULATOR34X1X20X0 service_name=_adb._tcp addr=10.0.2.15 addrv6=fe80:0000:0000:0000:5054:00ff:fe12:3456 total_serv=3
06-01 15:38:32.270 24760 29060 I adb     : transport_mdns.cpp:98 Endpoint state=1 instance_name=adb-EMULATOR34X1X20X0 service_name=_adb._tcp addr=10.0.2.15 addrv6=fec0:0000:0000:0000:5054:00ff:fe12:3456 total_serv=3
06-01 15:38:32.271 24760 29060 I adb     : transport_mdns.cpp:98 Endpoint state=1 instance_name=adb-EMULATOR34X1X20X0 service_name=_adb._tcp addr=10.0.2.16 addrv6=fec0:0000:0000:0000:5054:00ff:fe12:3456 total_serv=3
06-01 15:38:32.271 24760 29060 I adb     : transport_mdns.cpp:98 Endpoint state=1 instance_name=adb-EMULATOR34X1X20X0 service_name=_adb._tcp addr=10.0.2.16 addrv6=fe80:0000:0000:0000:b8f9:6f91:c47c:a0ca total_serv=3
06-01 15:38:32.271 24760 29060 I adb     : transport_mdns.cpp:98 Endpoint state=1 instance_name=adb-EMULATOR34X1X20X0 service_name=_adb._tcp addr=10.0.2.16 addrv6=fec0:0000:0000:0000:411c:b6b2:4094:96b9 total_serv=3
06-01 15:38:32.271 24760 29060 I adb     : transport_mdns.cpp:98 Endpoint state=1 instance_name=adb-EMULATOR34X1X20X0 service_name=_adb._tcp addr=10.0.2.16 addrv6=fec0:0000:0000:0000:fedd:e30b:4963:b334 total_serv=3
06-01 15:38:32.273 24760 29060 I adb     : transport_mdns.cpp:98 Endpoint state=1 instance_name=adb-EMULATOR34X1X20X0 service_name=_adb._tcp addr=10.0.2.15 addrv6=fec0:0000:0000:0000:fedd:e30b:4963:b334 total_serv=3
06-01 15:38:32.273 24760 29060 I adb     : transport_mdns.cpp:98 Endpoint state=1 instance_name=adb-EMULATOR34X1X20X0 service_name=_adb._tcp addr=10.0.2.15 addrv6=fe80:0000:0000:0000:5054:00ff:fe12:3456 total_serv=3
06-01 15:38:32.273 24760 29060 I adb     : transport_mdns.cpp:98 Endpoint state=1 instance_name=adb-EMULATOR34X1X20X0 service_name=_adb._tcp addr=10.0.2.15 addrv6=fec0:0000:0000:0000:5054:00ff:fe12:3456 total_serv=3
06-01 15:38:32.274 24760 29060 I adb     : transport_mdns.cpp:98 Endpoint state=1 instance_name=adb-EMULATOR34X1X20X0 service_name=_adb._tcp addr=10.0.2.15 addrv6=fe80:0000:0000:0000:5054:00ff:fe12:3456 total_serv=3
06-01 15:38:32.274 24760 29060 I adb     : transport_mdns.cpp:98 Endpoint state=1 instance_name=adb-EMULATOR34X1X20X0 service_name=_adb._tcp addr=10.0.2.15 addrv6=fec0:0000:0000:0000:5054:00ff:fe12:3456 total_serv=3
06-01 15:38:32.304 24760 29060 I adb     : udp_socket.cpp:402 SendMessage ip=224.0.0.251:5353
06-01 15:38:32.319 24760 29060 I adb     : udp_socket.cpp:402 SendMessage ip=224.0.0.251:5353
06-01 15:38:32.319 24760 29060 I adb     : udp_socket.cpp:402 SendMessage ip=224.0.0.251:5353
06-01 15:38:32.319 24760 29060 I adb     : udp_socket.cpp:402 SendMessage ip=224.0.0.251:5353
06-01 15:38:32.320 24760 29060 I adb     : udp_socket.cpp:402 SendMessage ip=224.0.0.251:5353
06-01 15:38:32.320 24760 29060 I adb     : udp_socket.cpp:402 SendMessage ip=224.0.0.251:5353
06-01 15:38:32.349 24760 29060 I adb     : udp_socket.cpp:402 SendMessage ip=224.0.0.251:5353
06-01 15:38:32.364 24760 29060 I adb     : udp_socket.cpp:402 SendMessage ip=224.0.0.251:5353
06-01 15:38:32.364 24760 29060 I adb     : udp_socket.cpp:402 SendMessage ip=224.0.0.251:5353
06-01 15:38:32.953 24760 29060 I adb     : udp_socket.cpp:402 SendMessage ip=224.0.0.251:5353
06-01 15:38:32.968 24760 29060 I adb     : udp_socket.cpp:402 SendMessage ip=224.0.0.251:5353
06-01 15:38:33.015 24760 29060 I adb     : udp_socket.cpp:402 SendMessage ip=224.0.0.251:5353
06-01 15:38:33.918 24760 29060 I adb     : udp_socket.cpp:402 SendMessage ip=224.0.0.251:5353
06-01 15:38:33.918 24760 29060 I adb     : udp_socket.cpp:402 SendMessage ip=224.0.0.251:5353
06-01 15:38:33.995 24760 29060 I adb     : udp_socket.cpp:402 SendMessage ip=224.0.0.251:5353
06-01 15:38:34.273 24760 29060 I adb     : transport_mdns.cpp:98 Endpoint state=1 instance_name=adb-EMULATOR34X1X20X0 service_name=_adb._tcp addr=10.0.2.15 addrv6=fec0:0000:0000:0000:fedd:e30b:4963:b334 total_serv=3
06-01 15:38:34.273 24760 29060 I adb     : transport_mdns.cpp:98 Endpoint state=1 instance_name=adb-EMULATOR34X1X20X0 service_name=_adb._tcp addr=10.0.2.15 addrv6=fe80:0000:0000:0000:5054:00ff:fe12:3456 total_serv=3
06-01 15:38:34.273 24760 29060 I adb     : transport_mdns.cpp:98 Endpoint state=1 instance_name=adb-EMULATOR34X1X20X0 service_name=_adb._tcp addr=10.0.2.15 addrv6=fec0:0000:0000:0000:5054:00ff:fe12:3456 total_serv=3
06-01 15:38:34.273 24760 29060 I adb     : transport_mdns.cpp:98 Endpoint state=1 instance_name=adb-EMULATOR34X1X20X0 service_name=_adb._tcp addr=10.0.2.16 addrv6=fec0:0000:0000:0000:5054:00ff:fe12:3456 total_serv=3
06-01 15:38:34.274 24760 29060 I adb     : transport_mdns.cpp:98 Endpoint state=1 instance_name=adb-EMULATOR34X1X20X0 service_name=_adb._tcp addr=10.0.2.16 addrv6=fe80:0000:0000:0000:b8f9:6f91:c47c:a0ca total_serv=3
06-01 15:38:34.274 24760 29060 I adb     : transport_mdns.cpp:98 Endpoint state=1 instance_name=adb-EMULATOR34X1X20X0 service_name=_adb._tcp addr=10.0.2.16 addrv6=fec0:0000:0000:0000:411c:b6b2:4094:96b9 total_serv=3
06-01 15:38:34.274 24760 29060 I adb     : transport_mdns.cpp:98 Endpoint state=1 instance_name=adb-EMULATOR34X1X20X0 service_name=_adb._tcp addr=10.0.2.16 addrv6=fec0:0000:0000:0000:fedd:e30b:4963:b334 total_serv=3
06-01 15:38:34.275 24760 29060 I adb     : transport_mdns.cpp:98 Endpoint state=1 instance_name=adb-EMULATOR34X1X20X0 service_name=_adb._tcp addr=10.0.2.15 addrv6=fe80:0000:0000:0000:5054:00ff:fe12:3456 total_serv=3
06-01 15:38:34.275 24760 29060 I adb     : transport_mdns.cpp:98 Endpoint state=1 instance_name=adb-EMULATOR34X1X20X0 service_name=_adb._tcp addr=10.0.2.15 addrv6=fec0:0000:0000:0000:5054:00ff:fe12:3456 total_serv=3
06-01 15:38:34.276 24760 29060 I adb     : transport_mdns.cpp:98 Endpoint state=1 instance_name=adb-EMULATOR34X1X20X0 service_name=_adb._tcp addr=10.0.2.15 addrv6=fe80:0000:0000:0000:5054:00ff:fe12:3456 total_serv=3
06-01 15:38:34.276 24760 29060 I adb     : transport_mdns.cpp:98 Endpoint state=1 instance_name=adb-EMULATOR34X1X20X0 service_name=_adb._tcp addr=10.0.2.15 addrv6=fec0:0000:0000:0000:5054:00ff:fe12:3456 total_serv=3
06-01 15:38:38.279 24760 29060 I adb     : transport_mdns.cpp:98 Endpoint state=1 instance_name=adb-EMULATOR34X1X20X0 service_name=_adb._tcp addr=10.0.2.15 addrv6=fec0:0000:0000:0000:fedd:e30b:4963:b334 total_serv=3
06-01 15:38:38.279 24760 29060 I adb     : transport_mdns.cpp:98 Endpoint state=1 instance_name=adb-EMULATOR34X1X20X0 service_name=_adb._tcp addr=10.0.2.15 addrv6=fe80:0000:0000:0000:5054:00ff:fe12:3456 total_serv=3
06-01 15:38:38.279 24760 29060 I adb     : transport_mdns.cpp:98 Endpoint state=1 instance_name=adb-EMULATOR34X1X20X0 service_name=_adb._tcp addr=10.0.2.15 addrv6=fec0:0000:0000:0000:5054:00ff:fe12:3456 total_serv=3
06-01 15:38:38.280 24760 29060 I adb     : transport_mdns.cpp:98 Endpoint state=1 instance_name=adb-EMULATOR34X1X20X0 service_name=_adb._tcp addr=10.0.2.15 addrv6=fe80:0000:0000:0000:5054:00ff:fe12:3456 total_serv=3
06-01 15:38:38.280 24760 29060 I adb     : transport_mdns.cpp:98 Endpoint state=1 instance_name=adb-EMULATOR34X1X20X0 service_name=_adb._tcp addr=10.0.2.15 addrv6=fec0:0000:0000:0000:5054:00ff:fe12:3456 total_serv=3
06-01 15:38:38.280 24760 29060 I adb     : transport_mdns.cpp:98 Endpoint state=1 instance_name=adb-EMULATOR34X1X20X0 service_name=_adb._tcp addr=10.0.2.16 addrv6=fec0:0000:0000:0000:5054:00ff:fe12:3456 total_serv=3
06-01 15:38:38.281 24760 29060 I adb     : transport_mdns.cpp:98 Endpoint state=1 instance_name=adb-EMULATOR34X1X20X0 service_name=_adb._tcp addr=10.0.2.16 addrv6=fe80:0000:0000:0000:b8f9:6f91:c47c:a0ca total_serv=3
06-01 15:38:38.281 24760 29060 I adb     : transport_mdns.cpp:98 Endpoint state=1 instance_name=adb-EMULATOR34X1X20X0 service_name=_adb._tcp addr=10.0.2.16 addrv6=fec0:0000:0000:0000:411c:b6b2:4094:96b9 total_serv=3
06-01 15:38:38.281 24760 29060 I adb     : transport_mdns.cpp:98 Endpoint state=1 instance_name=adb-EMULATOR34X1X20X0 service_name=_adb._tcp addr=10.0.2.16 addrv6=fec0:0000:0000:0000:fedd:e30b:4963:b334 total_serv=3
06-01 15:38:38.282 24760 29060 I adb     : transport_mdns.cpp:98 Endpoint state=1 instance_name=adb-EMULATOR34X1X20X0 service_name=_adb._tcp addr=10.0.2.16 addrv6=fec0:0000:0000:0000:5054:00ff:fe12:3456 total_serv=3
06-01 15:38:38.282 24760 29060 I adb     : transport_mdns.cpp:98 Endpoint state=1 instance_name=adb-EMULATOR34X1X20X0 service_name=_adb._tcp addr=10.0.2.16 addrv6=fe80:0000:0000:0000:b8f9:6f91:c47c:a0ca total_serv=3
06-01 15:38:38.282 24760 29060 I adb     : transport_mdns.cpp:98 Endpoint state=1 instance_name=adb-EMULATOR34X1X20X0 service_name=_adb._tcp addr=10.0.2.16 addrv6=fec0:0000:0000:0000:411c:b6b2:4094:96b9 total_serv=3
06-01 15:38:38.283 24760 29060 I adb     : transport_mdns.cpp:98 Endpoint state=1 instance_name=adb-EMULATOR34X1X20X0 service_name=_adb._tcp addr=10.0.2.16 addrv6=fec0:0000:0000:0000:fedd:e30b:4963:b334 total_serv=3
06-01 15:38:38.283 24760 29060 I adb     : transport_mdns.cpp:98 Endpoint state=1 instance_name=adb-EMULATOR34X1X20X0 service_name=_adb._tcp addr=10.0.2.15 addrv6=fe80:0000:0000:0000:5054:00ff:fe12:3456 total_serv=3
06-01 15:38:38.284 24760 29060 I adb     : transport_mdns.cpp:98 Endpoint state=1 instance_name=adb-EMULATOR34X1X20X0 service_name=_adb._tcp addr=10.0.2.15 addrv6=fec0:0000:0000:0000:5054:00ff:fe12:3456 total_serv=3
06-01 15:38:40.963 24760 29060 I adb     : udp_socket.cpp:402 SendMessage ip=224.0.0.251:5353
06-01 15:38:40.979 24760 29060 I adb     : udp_socket.cpp:402 SendMessage ip=224.0.0.251:5353
06-01 15:38:41.025 24760 29060 I adb     : udp_socket.cpp:402 SendMessage ip=224.0.0.251:5353
06-01 15:38:41.925 24760 29060 I adb     : udp_socket.cpp:402 SendMessage ip=224.0.0.251:5353
06-01 15:38:41.925 24760 29060 I adb     : udp_socket.cpp:402 SendMessage ip=224.0.0.251:5353
06-01 15:38:42.003 24760 29060 I adb     : udp_socket.cpp:402 SendMessage ip=224.0.0.251:5353
06-01 15:38:46.283 24760 29060 I adb     : transport_mdns.cpp:98 Endpoint state=1 instance_name=adb-EMULATOR34X1X20X0 service_name=_adb._tcp addr=10.0.2.15 addrv6=fec0:0000:0000:0000:fedd:e30b:4963:b334 total_serv=3
06-01 15:38:46.283 24760 29060 I adb     : transport_mdns.cpp:98 Endpoint state=1 instance_name=adb-EMULATOR34X1X20X0 service_name=_adb._tcp addr=10.0.2.15 addrv6=fe80:0000:0000:0000:5054:00ff:fe12:3456 total_serv=3
06-01 15:38:46.283 24760 29060 I adb     : transport_mdns.cpp:98 Endpoint state=1 instance_name=adb-EMULATOR34X1X20X0 service_name=_adb._tcp addr=10.0.2.15 addrv6=fec0:0000:0000:0000:5054:00ff:fe12:3456 total_serv=3
06-01 15:38:46.284 24760 29060 I adb     : transport_mdns.cpp:98 Endpoint state=1 instance_name=adb-EMULATOR34X1X20X0 service_name=_adb._tcp addr=10.0.2.15 addrv6=fec0:0000:0000:0000:fedd:e30b:4963:b334 total_serv=3
06-01 15:38:46.284 24760 29060 I adb     : transport_mdns.cpp:98 Endpoint state=1 instance_name=adb-EMULATOR34X1X20X0 service_name=_adb._tcp addr=10.0.2.15 addrv6=fe80:0000:0000:0000:5054:00ff:fe12:3456 total_serv=3
06-01 15:38:46.284 24760 29060 I adb     : transport_mdns.cpp:98 Endpoint state=1 instance_name=adb-EMULATOR34X1X20X0 service_name=_adb._tcp addr=10.0.2.15 addrv6=fec0:0000:0000:0000:5054:00ff:fe12:3456 total_serv=3
06-01 15:38:46.285 24760 29060 I adb     : transport_mdns.cpp:98 Endpoint state=1 instance_name=adb-EMULATOR34X1X20X0 service_name=_adb._tcp addr=10.0.2.16 addrv6=fec0:0000:0000:0000:5054:00ff:fe12:3456 total_serv=3
06-01 15:38:46.285 24760 29060 I adb     : transport_mdns.cpp:98 Endpoint state=1 instance_name=adb-EMULATOR34X1X20X0 service_name=_adb._tcp addr=10.0.2.16 addrv6=fe80:0000:0000:0000:b8f9:6f91:c47c:a0ca total_serv=3
06-01 15:38:46.286 24760 29060 I adb     : transport_mdns.cpp:98 Endpoint state=1 instance_name=adb-EMULATOR34X1X20X0 service_name=_adb._tcp addr=10.0.2.16 addrv6=fec0:0000:0000:0000:411c:b6b2:4094:96b9 total_serv=3
06-01 15:38:46.286 24760 29060 I adb     : transport_mdns.cpp:98 Endpoint state=1 instance_name=adb-EMULATOR34X1X20X0 service_name=_adb._tcp addr=10.0.2.16 addrv6=fec0:0000:0000:0000:fedd:e30b:4963:b334 total_serv=3
06-01 15:38:46.286 24760 29060 I adb     : transport_mdns.cpp:98 Endpoint state=1 instance_name=adb-EMULATOR34X1X20X0 service_name=_adb._tcp addr=10.0.2.16 addrv6=fec0:0000:0000:0000:5054:00ff:fe12:3456 total_serv=3
06-01 15:38:46.287 24760 29060 I adb     : transport_mdns.cpp:98 Endpoint state=1 instance_name=adb-EMULATOR34X1X20X0 service_name=_adb._tcp addr=10.0.2.16 addrv6=fe80:0000:0000:0000:b8f9:6f91:c47c:a0ca total_serv=3
06-01 15:38:46.287 24760 29060 I adb     : transport_mdns.cpp:98 Endpoint state=1 instance_name=adb-EMULATOR34X1X20X0 service_name=_adb._tcp addr=10.0.2.16 addrv6=fec0:0000:0000:0000:411c:b6b2:4094:96b9 total_serv=3
06-01 15:38:46.287 24760 29060 I adb     : transport_mdns.cpp:98 Endpoint state=1 instance_name=adb-EMULATOR34X1X20X0 service_name=_adb._tcp addr=10.0.2.16 addrv6=fec0:0000:0000:0000:fedd:e30b:4963:b334 total_serv=3
06-01 15:38:46.288 24760 29060 I adb     : transport_mdns.cpp:98 Endpoint state=1 instance_name=adb-EMULATOR34X1X20X0 service_name=_adb._tcp addr=10.0.2.15 addrv6=fe80:0000:0000:0000:5054:00ff:fe12:3456 total_serv=3
06-01 15:38:46.288 24760 29060 I adb     : transport_mdns.cpp:98 Endpoint state=1 instance_name=adb-EMULATOR34X1X20X0 service_name=_adb._tcp addr=10.0.2.15 addrv6=fec0:0000:0000:0000:5054:00ff:fe12:3456 total_serv=3
06-01 15:38:56.969 24760 29060 I adb     : udp_socket.cpp:402 SendMessage ip=224.0.0.251:5353
06-01 15:38:56.986 24760 29060 I adb     : udp_socket.cpp:402 SendMessage ip=224.0.0.251:5353
06-01 15:38:57.031 24760 29060 I adb     : udp_socket.cpp:402 SendMessage ip=224.0.0.251:5353
06-01 15:38:57.935 24760 29060 I adb     : udp_socket.cpp:402 SendMessage ip=224.0.0.251:5353
06-01 15:38:57.936 24760 29060 I adb     : udp_socket.cpp:402 SendMessage ip=224.0.0.251:5353
06-01 15:38:58.013 24760 29060 I adb     : udp_socket.cpp:402 SendMessage ip=224.0.0.251:5353
06-01 15:39:02.326 24760 29060 I adb     : transport_mdns.cpp:98 Endpoint state=1 instance_name=adb-EMULATOR34X1X20X0 service_name=_adb._tcp addr=10.0.2.15 addrv6=fec0:0000:0000:0000:fedd:e30b:4963:b334 total_serv=3
06-01 15:39:02.326 24760 29060 I adb     : transport_mdns.cpp:98 Endpoint state=1 instance_name=adb-EMULATOR34X1X20X0 service_name=_adb._tcp addr=10.0.2.15 addrv6=fe80:0000:0000:0000:5054:00ff:fe12:3456 total_serv=3
06-01 15:39:02.327 24760 29060 I adb     : transport_mdns.cpp:98 Endpoint state=1 instance_name=adb-EMULATOR34X1X20X0 service_name=_adb._tcp addr=10.0.2.15 addrv6=fec0:0000:0000:0000:5054:00ff:fe12:3456 total_serv=3
06-01 15:39:02.328 24760 29060 I adb     : transport_mdns.cpp:98 Endpoint state=1 instance_name=adb-EMULATOR34X1X20X0 service_name=_adb._tcp addr=10.0.2.15 addrv6=fec0:0000:0000:0000:fedd:e30b:4963:b334 total_serv=3
06-01 15:39:02.328 24760 29060 I adb     : transport_mdns.cpp:98 Endpoint state=1 instance_name=adb-EMULATOR34X1X20X0 service_name=_adb._tcp addr=10.0.2.15 addrv6=fe80:0000:0000:0000:5054:00ff:fe12:3456 total_serv=3
06-01 15:39:02.329 24760 29060 I adb     : transport_mdns.cpp:98 Endpoint state=1 instance_name=adb-EMULATOR34X1X20X0 service_name=_adb._tcp addr=10.0.2.15 addrv6=fec0:0000:0000:0000:5054:00ff:fe12:3456 total_serv=3
06-01 15:39:02.331 24760 29060 I adb     : transport_mdns.cpp:98 Endpoint state=1 instance_name=adb-EMULATOR34X1X20X0 service_name=_adb._tcp addr=10.0.2.15 addrv6=fe80:0000:0000:0000:5054:00ff:fe12:3456 total_serv=3
06-01 15:39:02.331 24760 29060 I adb     : transport_mdns.cpp:98 Endpoint state=1 instance_name=adb-EMULATOR34X1X20X0 service_name=_adb._tcp addr=10.0.2.15 addrv6=fec0:0000:0000:0000:5054:00ff:fe12:3456 total_serv=3
06-01 15:39:02.333 24760 29060 I adb     : transport_mdns.cpp:98 Endpoint state=1 instance_name=adb-EMULATOR34X1X20X0 service_name=_adb._tcp addr=10.0.2.16 addrv6=fec0:0000:0000:0000:5054:00ff:fe12:3456 total_serv=3
06-01 15:39:02.333 24760 29060 I adb     : transport_mdns.cpp:98 Endpoint state=1 instance_name=adb-EMULATOR34X1X20X0 service_name=_adb._tcp addr=10.0.2.16 addrv6=fe80:0000:0000:0000:b8f9:6f91:c47c:a0ca total_serv=3
06-01 15:39:02.333 24760 29060 I adb     : transport_mdns.cpp:98 Endpoint state=1 instance_name=adb-EMULATOR34X1X20X0 service_name=_adb._tcp addr=10.0.2.16 addrv6=fec0:0000:0000:0000:411c:b6b2:4094:96b9 total_serv=3
06-01 15:39:02.334 24760 29060 I adb     : transport_mdns.cpp:98 Endpoint state=1 instance_name=adb-EMULATOR34X1X20X0 service_name=_adb._tcp addr=10.0.2.16 addrv6=fec0:0000:0000:0000:fedd:e30b:4963:b334 total_serv=3
06-01 15:39:02.334 24760 29060 I adb     : transport_mdns.cpp:98 Endpoint state=1 instance_name=adb-EMULATOR34X1X20X0 service_name=_adb._tcp addr=10.0.2.16 addrv6=fec0:0000:0000:0000:5054:00ff:fe12:3456 total_serv=3
06-01 15:39:02.334 24760 29060 I adb     : transport_mdns.cpp:98 Endpoint state=1 instance_name=adb-EMULATOR34X1X20X0 service_name=_adb._tcp addr=10.0.2.16 addrv6=fe80:0000:0000:0000:b8f9:6f91:c47c:a0ca total_serv=3
06-01 15:39:02.336 24760 29060 I adb     : transport_mdns.cpp:98 Endpoint state=1 instance_name=adb-EMULATOR34X1X20X0 service_name=_adb._tcp addr=10.0.2.16 addrv6=fec0:0000:0000:0000:411c:b6b2:4094:96b9 total_serv=3
06-01 15:39:02.336 24760 29060 I adb     : transport_mdns.cpp:98 Endpoint state=1 instance_name=adb-EMULATOR34X1X20X0 service_name=_adb._tcp addr=10.0.2.16 addrv6=fec0:0000:0000:0000:fedd:e30b:4963:b334 total_serv=3
06-01 15:39:02.337 24760 29060 I adb     : transport_mdns.cpp:98 Endpoint state=1 instance_name=adb-EMULATOR34X1X20X0 service_name=_adb._tcp addr=10.0.2.16 addrv6=fec0:0000:0000:0000:5054:00ff:fe12:3456 total_serv=3
06-01 15:39:02.338 24760 29060 I adb     : transport_mdns.cpp:98 Endpoint state=1 instance_name=adb-EMULATOR34X1X20X0 service_name=_adb._tcp addr=10.0.2.16 addrv6=fe80:0000:0000:0000:b8f9:6f91:c47c:a0ca total_serv=3
06-01 15:39:02.338 24760 29060 I adb     : transport_mdns.cpp:98 Endpoint state=1 instance_name=adb-EMULATOR34X1X20X0 service_name=_adb._tcp addr=10.0.2.16 addrv6=fec0:0000:0000:0000:411c:b6b2:4094:96b9 total_serv=3
06-01 15:39:02.338 24760 29060 I adb     : transport_mdns.cpp:98 Endpoint state=1 instance_name=adb-EMULATOR34X1X20X0 service_name=_adb._tcp addr=10.0.2.16 addrv6=fec0:0000:0000:0000:fedd:e30b:4963:b334 total_serv=3
06-01 15:39:28.973 24760 29060 I adb     : udp_socket.cpp:402 SendMessage ip=224.0.0.251:5353
06-01 15:39:28.988 24760 29060 I adb     : udp_socket.cpp:402 SendMessage ip=224.0.0.251:5353
06-01 15:39:29.035 24760 29060 I adb     : udp_socket.cpp:402 SendMessage ip=224.0.0.251:5353
06-01 15:39:29.936 24760 29060 I adb     : udp_socket.cpp:402 SendMessage ip=224.0.0.251:5353
06-01 15:39:29.936 24760 29060 I adb     : udp_socket.cpp:402 SendMessage ip=224.0.0.251:5353
06-01 15:39:30.013 24760 29060 I adb     : udp_socket.cpp:402 SendMessage ip=224.0.0.251:5353
06-01 15:39:34.356 24760 29060 I adb     : transport_mdns.cpp:98 Endpoint state=1 instance_name=adb-EMULATOR34X1X20X0 service_name=_adb._tcp addr=10.0.2.15 addrv6=fec0:0000:0000:0000:fedd:e30b:4963:b334 total_serv=3
06-01 15:39:34.356 24760 29060 I adb     : transport_mdns.cpp:98 Endpoint state=1 instance_name=adb-EMULATOR34X1X20X0 service_name=_adb._tcp addr=10.0.2.15 addrv6=fe80:0000:0000:0000:5054:00ff:fe12:3456 total_serv=3
06-01 15:39:34.356 24760 29060 I adb     : transport_mdns.cpp:98 Endpoint state=1 instance_name=adb-EMULATOR34X1X20X0 service_name=_adb._tcp addr=10.0.2.15 addrv6=fec0:0000:0000:0000:5054:00ff:fe12:3456 total_serv=3
06-01 15:39:34.358 24760 29060 I adb     : transport_mdns.cpp:98 Endpoint state=1 instance_name=adb-EMULATOR34X1X20X0 service_name=_adb._tcp addr=10.0.2.15 addrv6=fec0:0000:0000:0000:fedd:e30b:4963:b334 total_serv=3
06-01 15:39:34.358 24760 29060 I adb     : transport_mdns.cpp:98 Endpoint state=1 instance_name=adb-EMULATOR34X1X20X0 service_name=_adb._tcp addr=10.0.2.15 addrv6=fe80:0000:0000:0000:5054:00ff:fe12:3456 total_serv=3
06-01 15:39:34.358 24760 29060 I adb     : transport_mdns.cpp:98 Endpoint state=1 instance_name=adb-EMULATOR34X1X20X0 service_name=_adb._tcp addr=10.0.2.15 addrv6=fec0:0000:0000:0000:5054:00ff:fe12:3456 total_serv=3
06-01 15:39:34.359 24760 29060 I adb     : transport_mdns.cpp:98 Endpoint state=1 instance_name=adb-EMULATOR34X1X20X0 service_name=_adb._tcp addr=10.0.2.16 addrv6=fec0:0000:0000:0000:5054:00ff:fe12:3456 total_serv=3
06-01 15:39:34.359 24760 29060 I adb     : transport_mdns.cpp:98 Endpoint state=1 instance_name=adb-EMULATOR34X1X20X0 service_name=_adb._tcp addr=10.0.2.16 addrv6=fe80:0000:0000:0000:b8f9:6f91:c47c:a0ca total_serv=3
06-01 15:39:34.359 24760 29060 I adb     : transport_mdns.cpp:98 Endpoint state=1 instance_name=adb-EMULATOR34X1X20X0 service_name=_adb._tcp addr=10.0.2.16 addrv6=fec0:0000:0000:0000:411c:b6b2:4094:96b9 total_serv=3
06-01 15:39:34.359 24760 29060 I adb     : transport_mdns.cpp:98 Endpoint state=1 instance_name=adb-EMULATOR34X1X20X0 service_name=_adb._tcp addr=10.0.2.16 addrv6=fec0:0000:0000:0000:fedd:e30b:4963:b334 total_serv=3
06-01 15:39:34.360 24760 29060 I adb     : transport_mdns.cpp:98 Endpoint state=1 instance_name=adb-EMULATOR34X1X20X0 service_name=_adb._tcp addr=10.0.2.16 addrv6=fec0:0000:0000:0000:5054:00ff:fe12:3456 total_serv=3
06-01 15:39:34.360 24760 29060 I adb     : transport_mdns.cpp:98 Endpoint state=1 instance_name=adb-EMULATOR34X1X20X0 service_name=_adb._tcp addr=10.0.2.16 addrv6=fe80:0000:0000:0000:b8f9:6f91:c47c:a0ca total_serv=3
06-01 15:39:34.360 24760 29060 I adb     : transport_mdns.cpp:98 Endpoint state=1 instance_name=adb-EMULATOR34X1X20X0 service_name=_adb._tcp addr=10.0.2.16 addrv6=fec0:0000:0000:0000:411c:b6b2:4094:96b9 total_serv=3
06-01 15:39:34.360 24760 29060 I adb     : transport_mdns.cpp:98 Endpoint state=1 instance_name=adb-EMULATOR34X1X20X0 service_name=_adb._tcp addr=10.0.2.16 addrv6=fec0:0000:0000:0000:fedd:e30b:4963:b334 total_serv=3
06-01 15:39:34.362 24760 29060 I adb     : transport_mdns.cpp:98 Endpoint state=1 instance_name=adb-EMULATOR34X1X20X0 service_name=_adb._tcp addr=10.0.2.15 addrv6=fec0:0000:0000:0000:fedd:e30b:4963:b334 total_serv=3
06-01 15:39:34.362 24760 29060 I adb     : transport_mdns.cpp:98 Endpoint state=1 instance_name=adb-EMULATOR34X1X20X0 service_name=_adb._tcp addr=10.0.2.15 addrv6=fe80:0000:0000:0000:5054:00ff:fe12:3456 total_serv=3
06-01 15:39:34.362 24760 29060 I adb     : transport_mdns.cpp:98 Endpoint state=1 instance_name=adb-EMULATOR34X1X20X0 service_name=_adb._tcp addr=10.0.2.15 addrv6=fec0:0000:0000:0000:5054:00ff:fe12:3456 total_serv=3
06-01 15:39:36.309 24760 29060 I adb     : udp_socket.cpp:402 SendMessage ip=224.0.0.251:5353
06-01 15:39:36.325 24760 29060 I adb     : udp_socket.cpp:402 SendMessage ip=224.0.0.251:5353
06-01 15:39:36.325 24760 29060 I adb     : udp_socket.cpp:402 SendMessage ip=224.0.0.251:5353
06-01 15:39:36.327 24760 29060 I adb     : udp_socket.cpp:402 SendMessage ip=224.0.0.251:5353
06-01 15:39:36.327 24760 29060 I adb     : udp_socket.cpp:402 SendMessage ip=224.0.0.251:5353
06-01 15:39:36.327 24760 29060 I adb     : udp_socket.cpp:402 SendMessage ip=224.0.0.251:5353
06-01 15:39:36.356 24760 29060 I adb     : udp_socket.cpp:402 SendMessage ip=224.0.0.251:5353
06-01 15:39:36.372 24760 29060 I adb     : udp_socket.cpp:402 SendMessage ip=224.0.0.251:5353
06-01 15:39:36.372 24760 29060 I adb     : udp_socket.cpp:402 SendMessage ip=224.0.0.251:5353
06-01 15:40:32.981 24760 29060 I adb     : udp_socket.cpp:402 SendMessage ip=224.0.0.251:5353
06-01 15:40:32.997 24760 29060 I adb     : udp_socket.cpp:402 SendMessage ip=224.0.0.251:5353
06-01 15:40:33.044 24760 29060 I adb     : udp_socket.cpp:402 SendMessage ip=224.0.0.251:5353
06-01 15:40:33.942 24760 29060 I adb     : udp_socket.cpp:402 SendMessage ip=224.0.0.251:5353
06-01 15:40:33.942 24760 29060 I adb     : udp_socket.cpp:402 SendMessage ip=224.0.0.251:5353
06-01 15:40:34.020 24760 29060 I adb     : udp_socket.cpp:402 SendMessage ip=224.0.0.251:5353
06-01 15:40:38.368 24760 29060 I adb     : transport_mdns.cpp:98 Endpoint state=1 instance_name=adb-EMULATOR34X1X20X0 service_name=_adb._tcp addr=10.0.2.15 addrv6=fec0:0000:0000:0000:fedd:e30b:4963:b334 total_serv=3
06-01 15:40:38.368 24760 29060 I adb     : transport_mdns.cpp:98 Endpoint state=1 instance_name=adb-EMULATOR34X1X20X0 service_name=_adb._tcp addr=10.0.2.15 addrv6=fe80:0000:0000:0000:5054:00ff:fe12:3456 total_serv=3
06-01 15:40:38.369 24760 29060 I adb     : transport_mdns.cpp:98 Endpoint state=1 instance_name=adb-EMULATOR34X1X20X0 service_name=_adb._tcp addr=10.0.2.15 addrv6=fec0:0000:0000:0000:5054:00ff:fe12:3456 total_serv=3
06-01 15:40:38.369 24760 29060 I adb     : transport_mdns.cpp:98 Endpoint state=1 instance_name=adb-EMULATOR34X1X20X0 service_name=_adb._tcp addr=10.0.2.16 addrv6=fec0:0000:0000:0000:5054:00ff:fe12:3456 total_serv=3
06-01 15:40:38.370 24760 29060 I adb     : transport_mdns.cpp:98 Endpoint state=1 instance_name=adb-EMULATOR34X1X20X0 service_name=_adb._tcp addr=10.0.2.16 addrv6=fe80:0000:0000:0000:b8f9:6f91:c47c:a0ca total_serv=3
06-01 15:40:38.370 24760 29060 I adb     : transport_mdns.cpp:98 Endpoint state=1 instance_name=adb-EMULATOR34X1X20X0 service_name=_adb._tcp addr=10.0.2.16 addrv6=fec0:0000:0000:0000:411c:b6b2:4094:96b9 total_serv=3
06-01 15:40:38.370 24760 29060 I adb     : transport_mdns.cpp:98 Endpoint state=1 instance_name=adb-EMULATOR34X1X20X0 service_name=_adb._tcp addr=10.0.2.16 addrv6=fec0:0000:0000:0000:fedd:e30b:4963:b334 total_serv=3
06-01 15:40:38.371 24760 29060 I adb     : transport_mdns.cpp:98 Endpoint state=1 instance_name=adb-EMULATOR34X1X20X0 service_name=_adb._tcp addr=10.0.2.15 addrv6=fec0:0000:0000:0000:fedd:e30b:4963:b334 total_serv=3
06-01 15:40:38.371 24760 29060 I adb     : transport_mdns.cpp:98 Endpoint state=1 instance_name=adb-EMULATOR34X1X20X0 service_name=_adb._tcp addr=10.0.2.15 addrv6=fe80:0000:0000:0000:5054:00ff:fe12:3456 total_serv=3
06-01 15:40:38.372 24760 29060 I adb     : transport_mdns.cpp:98 Endpoint state=1 instance_name=adb-EMULATOR34X1X20X0 service_name=_adb._tcp addr=10.0.2.15 addrv6=fec0:0000:0000:0000:5054:00ff:fe12:3456 total_serv=3
06-01 15:40:38.372 24760 29060 I adb     : transport_mdns.cpp:98 Endpoint state=1 instance_name=adb-EMULATOR34X1X20X0 service_name=_adb._tcp addr=10.0.2.15 addrv6=fe80:0000:0000:0000:5054:00ff:fe12:3456 total_serv=3
06-01 15:40:38.372 24760 29060 I adb     : transport_mdns.cpp:98 Endpoint state=1 instance_name=adb-EMULATOR34X1X20X0 service_name=_adb._tcp addr=10.0.2.15 addrv6=fec0:0000:0000:0000:5054:00ff:fe12:3456 total_serv=3
adb server killed by remote request
06-01 19:03:16.515 24760 29060 I adb     : transport.cpp:1057 kicking transport 01027b30 emulator-5554
06-01 19:03:16.515 24760 29060 I adb     : transport.cpp:410 BlockingConnectionAdapter(emulator-5554): stopping
06-01 19:03:16.515 24760 29140 I adb     : transport.cpp:342 emulator-5554: read failed: Invalid argument
06-01 19:03:16.515 24760 29140 I adb     : transport.cpp:1150 emulator-5554: connection terminated: read failed
06-01 19:03:16.515 24760 29060 I adb     : transport.cpp:428 BlockingConnectionAdapter(emulator-5554): stopped
--- adb starting (pid 10004) ---
06-01 19:03:21.109 10004 23616 I adb     : main.cpp:63 Android Debug Bridge version 1.0.41
06-01 19:03:21.109 10004 23616 I adb     : main.cpp:63 Version 35.0.1-11580240
06-01 19:03:21.109 10004 23616 I adb     : main.cpp:63 Installed as C:\Users\karup\AppData\Local\Android\Sdk\platform-tools\adb.exe
06-01 19:03:21.109 10004 23616 I adb     : main.cpp:63 Running on Windows 10.0.22631
06-01 19:03:21.109 10004 23616 I adb     : main.cpp:63 
06-01 19:03:21.113 10004 23616 I adb     : transport_mdns.cpp:237 Openscreen mdns discovery enabled
06-01 19:03:21.114 10004 23616 I adb     : auth.cpp:416 adb_auth_init...
06-01 19:03:21.291 10004 23616 I adb     : auth.cpp:152 loaded new key from 'C:\Users\karup\.android\adbkey' with fingerprint E5F2D4301F2FA9D720AE439FDCC6C6BFAB6BB851C493BC7667A274DDEF003CDB
06-01 19:03:21.307 10004 23616 I adb     : udp_socket.cpp:669 UDP socket created for 0.0.0.0:5353
06-01 19:03:21.307 10004 23616 I adb     : udp_socket.cpp:170 AdbUdpSocket fd=2053
06-01 19:03:21.307 10004 23616 I adb     : udp_socket.cpp:274 SetMulticastOutboundInterface for index=17
06-01 19:03:21.307 10004 23616 I adb     : udp_socket.cpp:533 bind endpoint=0.0.0.0:5353
06-01 19:03:21.308 10004 23616 I adb     : udp_socket.cpp:669 UDP socket created for 0.0.0.0:5353
06-01 19:03:21.308 10004 23616 I adb     : udp_socket.cpp:170 AdbUdpSocket fd=2054
06-01 19:03:21.308 10004 23616 I adb     : udp_socket.cpp:274 SetMulticastOutboundInterface for index=24
06-01 19:03:21.308 10004 23616 I adb     : udp_socket.cpp:533 bind endpoint=0.0.0.0:5353
06-01 19:03:21.308 10004 23616 I adb     : udp_socket.cpp:669 UDP socket created for 0.0.0.0:5353
06-01 19:03:21.308 10004 23616 I adb     : udp_socket.cpp:170 AdbUdpSocket fd=2055
06-01 19:03:21.308 10004 23616 I adb     : udp_socket.cpp:274 SetMulticastOutboundInterface for index=13
06-01 19:03:21.308 10004 23616 I adb     : udp_socket.cpp:533 bind endpoint=0.0.0.0:5353
06-01 19:03:21.309 10004 32804 I adb     : transport.cpp:338 emulator-5554: read thread spawning
06-01 19:03:21.309 10004 14688 I adb     : transport.cpp:310 emulator-5554: write thread spawning
06-01 19:03:21.333 10004 23616 I adb     : adb.cpp:176 emulator-5554: already offline
06-01 19:03:21.341 10004 23616 I adb     : udp_socket.cpp:402 SendMessage ip=224.0.0.251:5353
06-01 19:03:21.342 10004 23616 I adb     : udp_socket.cpp:402 SendMessage ip=224.0.0.251:5353
06-01 19:03:21.357 10004 23616 I adb     : udp_socket.cpp:402 SendMessage ip=224.0.0.251:5353
06-01 19:03:21.358 10004 23616 I adb     : udp_socket.cpp:402 SendMessage ip=224.0.0.251:5353
06-01 19:03:21.372 10004 23616 I adb     : udp_socket.cpp:402 SendMessage ip=224.0.0.251:5353
06-01 19:03:21.373 10004 23616 I adb     : udp_socket.cpp:402 SendMessage ip=224.0.0.251:5353
06-01 19:03:21.388 10004 23616 I adb     : udp_socket.cpp:402 SendMessage ip=224.0.0.251:5353
06-01 19:03:21.404 10004 23616 I adb     : udp_socket.cpp:402 SendMessage ip=224.0.0.251:5353
06-01 19:03:21.419 10004 23616 I adb     : udp_socket.cpp:402 SendMessage ip=224.0.0.251:5353
adb server killed by remote request
06-01 19:03:21.556 10004 23616 I adb     : transport.cpp:1057 kicking transport 00f22de0 emulator-5554
06-01 19:03:21.556 10004 23616 I adb     : transport.cpp:410 BlockingConnectionAdapter(emulator-5554): stopping
06-01 19:03:21.556 10004 32804 I adb     : transport.cpp:342 emulator-5554: read failed: Invalid argument
06-01 19:03:21.556 10004 32804 I adb     : transport.cpp:1150 emulator-5554: connection terminated: read failed
06-01 19:03:21.556 10004 23616 I adb     : transport.cpp:428 BlockingConnectionAdapter(emulator-5554): stopped
--- adb starting (pid 33620) ---
06-01 19:04:17.368 33620 28396 I adb     : main.cpp:63 Android Debug Bridge version 1.0.41
06-01 19:04:17.368 33620 28396 I adb     : main.cpp:63 Version 35.0.1-11580240
06-01 19:04:17.368 33620 28396 I adb     : main.cpp:63 Installed as C:\Users\karup\AppData\Local\Android\Sdk\platform-tools\adb.exe
06-01 19:04:17.368 33620 28396 I adb     : main.cpp:63 Running on Windows 10.0.22631
06-01 19:04:17.368 33620 28396 I adb     : main.cpp:63 
06-01 19:04:17.375 33620 28396 I adb     : auth.cpp:416 adb_auth_init...
06-01 19:04:17.492 33620 28396 I adb     : auth.cpp:152 loaded new key from 'C:\Users\karup\.android\adbkey' with fingerprint E5F2D4301F2FA9D720AE439FDCC6C6BFAB6BB851C493BC7667A274DDEF003CDB
06-01 19:04:17.493 33620 26916 I adb     : transport.cpp:310 emulator-5554: write thread spawning
06-01 19:04:17.493 33620 15416 I adb     : transport.cpp:338 emulator-5554: read thread spawning
06-01 19:04:17.501 33620 28396 I adb     : adb.cpp:176 emulator-5554: already offline
06-01 19:04:51.971 33620 15416 I adb     : transport.cpp:342 emulator-5554: read failed: No error
06-01 19:04:51.971 33620 15416 I adb     : transport.cpp:1150 emulator-5554: connection terminated: read failed
06-01 19:04:51.971 33620 28396 I adb     : adb.cpp:180 emulator-5554: offline
06-01 19:04:51.971 33620 28396 I adb     : transport.cpp:833 destroying transport emulator-5554
06-01 19:04:51.971 33620 28396 I adb     : transport.cpp:410 BlockingConnectionAdapter(emulator-5554): stopping
06-01 19:04:51.972 33620 28396 I adb     : transport.cpp:428 BlockingConnectionAdapter(emulator-5554): stopped
06-01 19:04:52.222 33620 28396 I adb     : transport.cpp:297 BlockingConnectionAdapter(emulator-5554): destructing
06-01 19:04:52.222 33620 28396 I adb     : transport.cpp:403 BlockingConnectionAdapter(emulator-5554): already stopped
06-01 19:04:53.225 33620 33336 I adb     : transport.cpp:338 emulator-5554: read thread spawning
06-01 19:04:53.225 33620 16056 I adb     : transport.cpp:310 emulator-5554: write thread spawning
06-01 19:05:00.550 33620 33336 I adb     : transport.cpp:342 emulator-5554: read failed: connection reset
06-01 19:05:00.550 33620 33336 I adb     : transport.cpp:1150 emulator-5554: connection terminated: read failed
06-01 19:05:00.551 33620 28396 I adb     : adb.cpp:176 emulator-5554: already offline
06-01 19:05:00.551 33620 28396 I adb     : transport.cpp:833 destroying transport emulator-5554
06-01 19:05:00.551 33620 28396 I adb     : transport.cpp:410 BlockingConnectionAdapter(emulator-5554): stopping
06-01 19:05:00.551 33620 28396 I adb     : transport.cpp:428 BlockingConnectionAdapter(emulator-5554): stopped
06-01 19:05:00.815 33620 28396 I adb     : transport.cpp:297 BlockingConnectionAdapter(emulator-5554): destructing
06-01 19:05:00.815 33620 28396 I adb     : transport.cpp:403 BlockingConnectionAdapter(emulator-5554): already stopped
adb server killed by remote request
--- adb starting (pid 31944) ---
06-02 01:30:18.942 31944 22200 I adb     : main.cpp:63 Android Debug Bridge version 1.0.41
06-02 01:30:18.942 31944 22200 I adb     : main.cpp:63 Version 35.0.1-11580240
06-02 01:30:18.942 31944 22200 I adb     : main.cpp:63 Installed as C:\Users\karup\AppData\Local\Android\Sdk\platform-tools\adb.exe
06-02 01:30:18.942 31944 22200 I adb     : main.cpp:63 Running on Windows 10.0.22631
06-02 01:30:18.942 31944 22200 I adb     : main.cpp:63 
06-02 01:30:18.944 31944 22200 I adb     : transport_mdns.cpp:237 Openscreen mdns discovery enabled
06-02 01:30:18.945 31944 22200 I adb     : auth.cpp:416 adb_auth_init...
06-02 01:30:19.445 31944 22200 I adb     : auth.cpp:152 loaded new key from 'C:\Users\karup\.android\adbkey' with fingerprint E5F2D4301F2FA9D720AE439FDCC6C6BFAB6BB851C493BC7667A274DDEF003CDB
06-02 01:30:19.490 31944 22200 I adb     : udp_socket.cpp:669 UDP socket created for 0.0.0.0:5353
06-02 01:30:19.490 31944 22200 I adb     : udp_socket.cpp:170 AdbUdpSocket fd=2052
06-02 01:30:19.491 31944 22200 I adb     : udp_socket.cpp:274 SetMulticastOutboundInterface for index=17
06-02 01:30:19.491 31944 22200 I adb     : udp_socket.cpp:533 bind endpoint=0.0.0.0:5353
06-02 01:30:19.492 31944 22200 I adb     : udp_socket.cpp:669 UDP socket created for 0.0.0.0:5353
06-02 01:30:19.492 31944 22200 I adb     : udp_socket.cpp:170 AdbUdpSocket fd=2053
06-02 01:30:19.492 31944 22200 I adb     : udp_socket.cpp:274 SetMulticastOutboundInterface for index=24
06-02 01:30:19.492 31944 22200 I adb     : udp_socket.cpp:533 bind endpoint=0.0.0.0:5353
06-02 01:30:19.492 31944 22200 I adb     : udp_socket.cpp:669 UDP socket created for 0.0.0.0:5353
06-02 01:30:19.492 31944 22200 I adb     : udp_socket.cpp:170 AdbUdpSocket fd=2054
06-02 01:30:19.492 31944 22200 I adb     : udp_socket.cpp:274 SetMulticastOutboundInterface for index=13
06-02 01:30:19.492 31944 22200 I adb     : udp_socket.cpp:533 bind endpoint=0.0.0.0:5353
06-02 01:30:19.531 31944 22200 I adb     : udp_socket.cpp:402 SendMessage ip=224.0.0.251:5353
06-02 01:30:19.546 31944 22200 I adb     : udp_socket.cpp:402 SendMessage ip=224.0.0.251:5353
06-02 01:30:19.546 31944 22200 I adb     : udp_socket.cpp:402 SendMessage ip=224.0.0.251:5353
06-02 01:30:19.562 31944 22200 I adb     : udp_socket.cpp:402 SendMessage ip=224.0.0.251:5353
06-02 01:30:19.562 31944 22200 I adb     : udp_socket.cpp:402 SendMessage ip=224.0.0.251:5353
06-02 01:30:19.577 31944 22200 I adb     : udp_socket.cpp:402 SendMessage ip=224.0.0.251:5353
06-02 01:30:19.577 31944 22200 I adb     : udp_socket.cpp:402 SendMessage ip=224.0.0.251:5353
06-02 01:30:19.592 31944 22200 I adb     : udp_socket.cpp:402 SendMessage ip=224.0.0.251:5353
06-02 01:30:19.608 31944 22200 I adb     : udp_socket.cpp:402 SendMessage ip=224.0.0.251:5353
06-02 01:30:20.538 31944 22200 I adb     : udp_socket.cpp:402 SendMessage ip=224.0.0.251:5353
06-02 01:30:20.554 31944 22200 I adb     : udp_socket.cpp:402 SendMessage ip=224.0.0.251:5353
06-02 01:30:20.554 31944 22200 I adb     : udp_socket.cpp:402 SendMessage ip=224.0.0.251:5353
06-02 01:30:20.570 31944 22200 I adb     : udp_socket.cpp:402 SendMessage ip=224.0.0.251:5353
06-02 01:30:20.570 31944 22200 I adb     : udp_socket.cpp:402 SendMessage ip=224.0.0.251:5353
06-02 01:30:20.586 31944 22200 I adb     : udp_socket.cpp:402 SendMessage ip=224.0.0.251:5353
06-02 01:30:20.586 31944 22200 I adb     : udp_socket.cpp:402 SendMessage ip=224.0.0.251:5353
06-02 01:30:20.601 31944 22200 I adb     : udp_socket.cpp:402 SendMessage ip=224.0.0.251:5353
06-02 01:30:20.616 31944 22200 I adb     : udp_socket.cpp:402 SendMessage ip=224.0.0.251:5353
06-02 01:30:22.554 31944 22200 I adb     : udp_socket.cpp:402 SendMessage ip=224.0.0.251:5353
06-02 01:30:22.554 31944 22200 I adb     : udp_socket.cpp:402 SendMessage ip=224.0.0.251:5353
06-02 01:30:22.555 31944 22200 I adb     : udp_socket.cpp:402 SendMessage ip=224.0.0.251:5353
06-02 01:30:22.570 31944 22200 I adb     : udp_socket.cpp:402 SendMessage ip=224.0.0.251:5353
06-02 01:30:22.570 31944 22200 I adb     : udp_socket.cpp:402 SendMessage ip=224.0.0.251:5353
06-02 01:30:22.600 31944 22200 I adb     : udp_socket.cpp:402 SendMessage ip=224.0.0.251:5353
06-02 01:30:22.600 31944 22200 I adb     : udp_socket.cpp:402 SendMessage ip=224.0.0.251:5353
06-02 01:30:22.601 31944 22200 I adb     : udp_socket.cpp:402 SendMessage ip=224.0.0.251:5353
06-02 01:30:22.631 31944 22200 I adb     : udp_socket.cpp:402 SendMessage ip=224.0.0.251:5353
06-02 01:30:22.669 31944 31424 I adb     : transport.cpp:338 emulator-5554: read thread spawning
06-02 01:30:22.669 31944 23732 I adb     : transport.cpp:310 emulator-5554: write thread spawning
06-02 01:30:26.565 31944 22200 I adb     : udp_socket.cpp:402 SendMessage ip=224.0.0.251:5353
06-02 01:30:26.565 31944 22200 I adb     : udp_socket.cpp:402 SendMessage ip=224.0.0.251:5353
06-02 01:30:26.565 31944 22200 I adb     : udp_socket.cpp:402 SendMessage ip=224.0.0.251:5353
06-02 01:30:26.581 31944 22200 I adb     : udp_socket.cpp:402 SendMessage ip=224.0.0.251:5353
06-02 01:30:26.581 31944 22200 I adb     : udp_socket.cpp:402 SendMessage ip=224.0.0.251:5353
06-02 01:30:26.611 31944 22200 I adb     : udp_socket.cpp:402 SendMessage ip=224.0.0.251:5353
06-02 01:30:26.611 31944 22200 I adb     : udp_socket.cpp:402 SendMessage ip=224.0.0.251:5353
06-02 01:30:26.611 31944 22200 I adb     : udp_socket.cpp:402 SendMessage ip=224.0.0.251:5353
06-02 01:30:26.642 31944 22200 I adb     : udp_socket.cpp:402 SendMessage ip=224.0.0.251:5353
06-02 01:30:34.565 31944 22200 I adb     : udp_socket.cpp:402 SendMessage ip=224.0.0.251:5353
06-02 01:30:34.565 31944 22200 I adb     : udp_socket.cpp:402 SendMessage ip=224.0.0.251:5353
06-02 01:30:34.565 31944 22200 I adb     : udp_socket.cpp:402 SendMessage ip=224.0.0.251:5353
06-02 01:30:34.581 31944 22200 I adb     : udp_socket.cpp:402 SendMessage ip=224.0.0.251:5353
06-02 01:30:34.582 31944 22200 I adb     : udp_socket.cpp:402 SendMessage ip=224.0.0.251:5353
06-02 01:30:34.612 31944 22200 I adb     : udp_socket.cpp:402 SendMessage ip=224.0.0.251:5353
06-02 01:30:34.612 31944 22200 I adb     : udp_socket.cpp:402 SendMessage ip=224.0.0.251:5353
06-02 01:30:34.612 31944 22200 I adb     : udp_socket.cpp:402 SendMessage ip=224.0.0.251:5353
06-02 01:30:34.642 31944 22200 I adb     : udp_socket.cpp:402 SendMessage ip=224.0.0.251:5353
06-02 01:30:36.176 31944 22200 I adb     : adb.cpp:176 emulator-5554: already offline
06-02 01:30:50.566 31944 22200 I adb     : udp_socket.cpp:402 SendMessage ip=224.0.0.251:5353
06-02 01:30:50.567 31944 22200 I adb     : udp_socket.cpp:402 SendMessage ip=224.0.0.251:5353
06-02 01:30:50.567 31944 22200 I adb     : udp_socket.cpp:402 SendMessage ip=224.0.0.251:5353
06-02 01:30:50.582 31944 22200 I adb     : udp_socket.cpp:402 SendMessage ip=224.0.0.251:5353
06-02 01:30:50.582 31944 22200 I adb     : udp_socket.cpp:402 SendMessage ip=224.0.0.251:5353
06-02 01:30:50.613 31944 22200 I adb     : udp_socket.cpp:402 SendMessage ip=224.0.0.251:5353
06-02 01:30:50.613 31944 22200 I adb     : udp_socket.cpp:402 SendMessage ip=224.0.0.251:5353
06-02 01:30:50.614 31944 22200 I adb     : udp_socket.cpp:402 SendMessage ip=224.0.0.251:5353
06-02 01:30:50.643 31944 22200 I adb     : udp_socket.cpp:402 SendMessage ip=224.0.0.251:5353
06-02 01:30:56.419 31944 22200 I adb     : udp_socket.cpp:402 SendMessage ip=224.0.0.251:5353
06-02 01:30:56.467 31944 22200 I adb     : udp_socket.cpp:402 SendMessage ip=224.0.0.251:5353
06-02 01:30:56.498 31944 22200 I adb     : udp_socket.cpp:402 SendMessage ip=224.0.0.251:5353
06-02 01:30:57.396 31944 22200 I adb     : transport_mdns.cpp:98 Endpoint state=0 instance_name=adb-EMULATOR34X1X20X0 service_name=_adb._tcp addr=10.0.2.15 addrv6=0.0.0.0 total_serv=1
